<?xml version="1.0" encoding="UTF-8"?>
<testng-results ignored="0" total="12" passed="12" failed="0" skipped="0">
  <reporter-output>
  </reporter-output>
  <suite started-at="2023-10-01T14:58:09 IST" name="Gradle suite" finished-at="2023-10-01T15:10:28 IST" duration-ms="739966">
    <groups>
      <group name="Booking and Cancellation Flow">
        <method signature="TestCase3.TestCase03(java.lang.String,java.lang.String,java.lang.String,java.lang.String,java.lang.String,java.lang.String,java.lang.String)[pri:3, instance:qtriptest.tests.TestCase3@21282ed8]" name="TestCase03" class="qtriptest.tests.TestCase3"/>
      </group> <!-- Booking and Cancellation Flow -->
      <group name="Reliability Flow">
        <method signature="TestCase4.TestCase04(java.lang.String,java.lang.String,java.lang.String,java.lang.String,java.lang.String)[pri:4, instance:qtriptest.tests.TestCase4@36916eb0]" name="TestCase04" class="qtriptest.tests.TestCase4"/>
      </group> <!-- Reliability Flow -->
      <group name="Search and Filter flow">
        <method signature="TestCase2.TestCase02(java.lang.String,java.lang.String,java.lang.String,java.lang.String,java.lang.String)[pri:2, instance:qtriptest.tests.TestCase2@550dbc7a]" name="TestCase02" class="qtriptest.tests.TestCase2"/>
      </group> <!-- Search and Filter flow -->
      <group name="Login Flow">
        <method signature="TestCase1.TestCase01(java.lang.String,java.lang.String)[pri:1, instance:qtriptest.tests.TestCase1@6404f418]" name="TestCase01" class="qtriptest.tests.TestCase1"/>
      </group> <!-- Login Flow -->
    </groups>
    <test started-at="2023-10-01T14:58:09 IST" name="Gradle test" finished-at="2023-10-01T15:10:28 IST" duration-ms="739966">
      <class name="qtriptest.tests.TestCase1">
        <test-method is-config="true" signature="setup()[pri:0, instance:qtriptest.tests.TestCase1@6404f418]" started-at="2023-10-01T14:58:06 IST" name="setup" finished-at="2023-10-01T14:58:09 IST" duration-ms="2930" status="PASS">
          <reporter-output>
          </reporter-output>
        </test-method> <!-- setup -->
        <test-method signature="TestCase01(java.lang.String,java.lang.String)[pri:1, instance:qtriptest.tests.TestCase1@6404f418]" started-at="2023-10-01T14:58:10 IST" name="TestCase01" description="Verify user Registration-Login-Logout" data-provider="TestCase1" finished-at="2023-10-01T14:58:27 IST" duration-ms="17187" status="PASS">
          <params>
            <param index="0">
              <value>
                <![CDATA[testuser@gmail.com]]>
              </value>
            </param>
            <param index="1">
              <value>
                <![CDATA[abc@123]]>
              </value>
            </param>
          </params>
          <reporter-output>
          </reporter-output>
        </test-method> <!-- TestCase01 -->
        <test-method signature="TestCase01(java.lang.String,java.lang.String)[pri:1, instance:qtriptest.tests.TestCase1@6404f418]" started-at="2023-10-01T14:58:27 IST" name="TestCase01" description="Verify user Registration-Login-Logout" data-provider="TestCase1" finished-at="2023-10-01T14:58:44 IST" duration-ms="16342" status="PASS">
          <params>
            <param index="0">
              <value>
                <![CDATA[TESTUSER@gmail.com]]>
              </value>
            </param>
            <param index="1">
              <value>
                <![CDATA[123456.0]]>
              </value>
            </param>
          </params>
          <reporter-output>
          </reporter-output>
        </test-method> <!-- TestCase01 -->
        <test-method signature="TestCase01(java.lang.String,java.lang.String)[pri:1, instance:qtriptest.tests.TestCase1@6404f418]" started-at="2023-10-01T14:58:44 IST" name="TestCase01" description="Verify user Registration-Login-Logout" data-provider="TestCase1" finished-at="2023-10-01T14:59:00 IST" duration-ms="16136" status="PASS">
          <params>
            <param index="0">
              <value>
                <![CDATA[123_USER_low@gmail.com]]>
              </value>
            </param>
            <param index="1">
              <value>
                <![CDATA[QWERTY!!!!]]>
              </value>
            </param>
          </params>
          <reporter-output>
          </reporter-output>
        </test-method> <!-- TestCase01 -->
        <test-method is-config="true" signature="quitDriver()[pri:0, instance:qtriptest.tests.TestCase1@6404f418]" started-at="2023-10-01T15:10:29 IST" name="quitDriver" finished-at="2023-10-01T15:10:29 IST" duration-ms="67" status="PASS">
          <reporter-output>
          </reporter-output>
        </test-method> <!-- quitDriver -->
      </class> <!-- qtriptest.tests.TestCase1 -->
      <class name="qtriptest.tests.TestCase2">
        <test-method is-config="true" signature="setup()[pri:0, instance:qtriptest.tests.TestCase2@550dbc7a]" started-at="2023-10-01T14:58:09 IST" name="setup" finished-at="2023-10-01T14:58:09 IST" duration-ms="3" status="PASS">
          <reporter-output>
          </reporter-output>
        </test-method> <!-- setup -->
        <test-method signature="TestCase02(java.lang.String,java.lang.String,java.lang.String,java.lang.String,java.lang.String)[pri:2, instance:qtriptest.tests.TestCase2@550dbc7a]" started-at="2023-10-01T14:59:00 IST" name="TestCase02" description="Verify Search and Filter flow  " data-provider="TestCase2" finished-at="2023-10-01T14:59:20 IST" duration-ms="20091" status="PASS">
          <params>
            <param index="0">
              <value>
                <![CDATA[Bengaluru]]>
              </value>
            </param>
            <param index="1">
              <value>
                <![CDATA[Cycling Routes]]>
              </value>
            </param>
            <param index="2">
              <value>
                <![CDATA[6-12 Hours]]>
              </value>
            </param>
            <param index="3">
              <value>
                <![CDATA[1]]>
              </value>
            </param>
            <param index="4">
              <value>
                <![CDATA[9]]>
              </value>
            </param>
          </params>
          <reporter-output>
          </reporter-output>
        </test-method> <!-- TestCase02 -->
        <test-method signature="TestCase02(java.lang.String,java.lang.String,java.lang.String,java.lang.String,java.lang.String)[pri:2, instance:qtriptest.tests.TestCase2@550dbc7a]" started-at="2023-10-01T14:59:20 IST" name="TestCase02" description="Verify Search and Filter flow  " data-provider="TestCase2" finished-at="2023-10-01T14:59:41 IST" duration-ms="20216" status="PASS">
          <params>
            <param index="0">
              <value>
                <![CDATA[Singapore]]>
              </value>
            </param>
            <param index="1">
              <value>
                <![CDATA[Hillside Getaways]]>
              </value>
            </param>
            <param index="2">
              <value>
                <![CDATA[6-12 Hours]]>
              </value>
            </param>
            <param index="3">
              <value>
                <![CDATA[1]]>
              </value>
            </param>
            <param index="4">
              <value>
                <![CDATA[8]]>
              </value>
            </param>
          </params>
          <reporter-output>
          </reporter-output>
        </test-method> <!-- TestCase02 -->
        <test-method signature="TestCase02(java.lang.String,java.lang.String,java.lang.String,java.lang.String,java.lang.String)[pri:2, instance:qtriptest.tests.TestCase2@550dbc7a]" started-at="2023-10-01T14:59:41 IST" name="TestCase02" description="Verify Search and Filter flow  " data-provider="TestCase2" finished-at="2023-10-01T15:00:01 IST" duration-ms="20069" status="PASS">
          <params>
            <param index="0">
              <value>
                <![CDATA[Goa]]>
              </value>
            </param>
            <param index="1">
              <value>
                <![CDATA[Party Spots]]>
              </value>
            </param>
            <param index="2">
              <value>
                <![CDATA[2-6 Hours]]>
              </value>
            </param>
            <param index="3">
              <value>
                <![CDATA[1]]>
              </value>
            </param>
            <param index="4">
              <value>
                <![CDATA[11]]>
              </value>
            </param>
          </params>
          <reporter-output>
          </reporter-output>
        </test-method> <!-- TestCase02 -->
        <test-method is-config="true" signature="quitDriver()[pri:0, instance:qtriptest.tests.TestCase2@550dbc7a]" started-at="2023-10-01T15:10:29 IST" name="quitDriver" finished-at="2023-10-01T15:10:29 IST" duration-ms="1" status="PASS">
          <reporter-output>
          </reporter-output>
        </test-method> <!-- quitDriver -->
      </class> <!-- qtriptest.tests.TestCase2 -->
      <class name="qtriptest.tests.TestCase3">
        <test-method is-config="true" signature="setup()[pri:0, instance:qtriptest.tests.TestCase3@21282ed8]" started-at="2023-10-01T14:58:09 IST" name="setup" finished-at="2023-10-01T14:58:09 IST" duration-ms="1" status="PASS">
          <reporter-output>
          </reporter-output>
        </test-method> <!-- setup -->
        <test-method signature="TestCase03(java.lang.String,java.lang.String,java.lang.String,java.lang.String,java.lang.String,java.lang.String,java.lang.String)[pri:3, instance:qtriptest.tests.TestCase3@21282ed8]" started-at="2023-10-01T15:00:01 IST" name="TestCase03" description="verify Booking and Cancellation Flow" data-provider="TestCase3" finished-at="2023-10-01T15:01:05 IST" duration-ms="63897" status="PASS">
          <params>
            <param index="0">
              <value>
                <![CDATA[TC3_1@gmaill.com]]>
              </value>
            </param>
            <param index="1">
              <value>
                <![CDATA[abc@123]]>
              </value>
            </param>
            <param index="2">
              <value>
                <![CDATA[Bengaluru]]>
              </value>
            </param>
            <param index="3">
              <value>
                <![CDATA[Niaboytown]]>
              </value>
            </param>
            <param index="4">
              <value>
                <![CDATA[palam]]>
              </value>
            </param>
            <param index="5">
              <value>
                <![CDATA[16-11-2025]]>
              </value>
            </param>
            <param index="6">
              <value>
                <![CDATA[2]]>
              </value>
            </param>
          </params>
          <reporter-output>
          </reporter-output>
        </test-method> <!-- TestCase03 -->
        <test-method signature="TestCase03(java.lang.String,java.lang.String,java.lang.String,java.lang.String,java.lang.String,java.lang.String,java.lang.String)[pri:3, instance:qtriptest.tests.TestCase3@21282ed8]" started-at="2023-10-01T15:01:05 IST" name="TestCase03" description="verify Booking and Cancellation Flow" data-provider="TestCase3" finished-at="2023-10-01T15:02:08 IST" duration-ms="63402" status="PASS">
          <params>
            <param index="0">
              <value>
                <![CDATA[TC3_2@gmail.com]]>
              </value>
            </param>
            <param index="1">
              <value>
                <![CDATA[abc@123]]>
              </value>
            </param>
            <param index="2">
              <value>
                <![CDATA[Singapore]]>
              </value>
            </param>
            <param index="3">
              <value>
                <![CDATA[Grand Ashland]]>
              </value>
            </param>
            <param index="4">
              <value>
                <![CDATA[biden]]>
              </value>
            </param>
            <param index="5">
              <value>
                <![CDATA[26-11-2025]]>
              </value>
            </param>
            <param index="6">
              <value>
                <![CDATA[4]]>
              </value>
            </param>
          </params>
          <reporter-output>
          </reporter-output>
        </test-method> <!-- TestCase03 -->
        <test-method signature="TestCase03(java.lang.String,java.lang.String,java.lang.String,java.lang.String,java.lang.String,java.lang.String,java.lang.String)[pri:3, instance:qtriptest.tests.TestCase3@21282ed8]" started-at="2023-10-01T15:02:08 IST" name="TestCase03" description="verify Booking and Cancellation Flow" data-provider="TestCase3" finished-at="2023-10-01T15:03:12 IST" duration-ms="63381" status="PASS">
          <params>
            <param index="0">
              <value>
                <![CDATA[TC3_3@gmail.com]]>
              </value>
            </param>
            <param index="1">
              <value>
                <![CDATA[abc@123]]>
              </value>
            </param>
            <param index="2">
              <value>
                <![CDATA[Bangkok]]>
              </value>
            </param>
            <param index="3">
              <value>
                <![CDATA[Tifwales Ferry]]>
              </value>
            </param>
            <param index="4">
              <value>
                <![CDATA[prabhu]]>
              </value>
            </param>
            <param index="5">
              <value>
                <![CDATA[26-12-2025]]>
              </value>
            </param>
            <param index="6">
              <value>
                <![CDATA[1]]>
              </value>
            </param>
          </params>
          <reporter-output>
          </reporter-output>
        </test-method> <!-- TestCase03 -->
        <test-method is-config="true" signature="quitDriver()[pri:0, instance:qtriptest.tests.TestCase3@21282ed8]" started-at="2023-10-01T15:10:29 IST" name="quitDriver" finished-at="2023-10-01T15:10:29 IST" duration-ms="2" status="PASS">
          <reporter-output>
          </reporter-output>
        </test-method> <!-- quitDriver -->
      </class> <!-- qtriptest.tests.TestCase3 -->
      <class name="qtriptest.tests.TestCase4">
        <test-method is-config="true" signature="setup()[pri:0, instance:qtriptest.tests.TestCase4@36916eb0]" started-at="2023-10-01T14:58:09 IST" name="setup" finished-at="2023-10-01T14:58:09 IST" duration-ms="3" status="PASS">
          <reporter-output>
          </reporter-output>
        </test-method> <!-- setup -->
        <test-method signature="TestCase04(java.lang.String,java.lang.String,java.lang.String,java.lang.String,java.lang.String)[pri:4, instance:qtriptest.tests.TestCase4@36916eb0]" started-at="2023-10-01T15:03:12 IST" name="TestCase04" description="Verify booking history can be viewed" data-provider="TestCase4" finished-at="2023-10-01T15:05:38 IST" duration-ms="146399" status="PASS">
          <params>
            <param index="0">
              <value>
                <![CDATA[TC4_1@gmail.com]]>
              </value>
            </param>
            <param index="1">
              <value>
                <![CDATA[abc@123]]>
              </value>
            </param>
            <param index="2">
              <value>
                <![CDATA[Bengaluru;Niaboytown;Chicky;01-01-2025;2]]>
              </value>
            </param>
            <param index="3">
              <value>
                <![CDATA[Kolkata;Thton;Cha Cha;01-02-2025;3]]>
              </value>
            </param>
            <param index="4">
              <value>
                <![CDATA[Malaysia;Wootkentree;Bom Bom;02-12-2025;1]]>
              </value>
            </param>
          </params>
          <reporter-output>
          </reporter-output>
        </test-method> <!-- TestCase04 -->
        <test-method signature="TestCase04(java.lang.String,java.lang.String,java.lang.String,java.lang.String,java.lang.String)[pri:4, instance:qtriptest.tests.TestCase4@36916eb0]" started-at="2023-10-01T15:05:38 IST" name="TestCase04" description="Verify booking history can be viewed" data-provider="TestCase4" finished-at="2023-10-01T15:08:03 IST" duration-ms="145457" status="PASS">
          <params>
            <param index="0">
              <value>
                <![CDATA[TC4_2@gmail.com]]>
              </value>
            </param>
            <param index="1">
              <value>
                <![CDATA[abc@321]]>
              </value>
            </param>
            <param index="2">
              <value>
                <![CDATA[Bengaluru;Fort Sionnnn;Chicky;01-01-2025;2]]>
              </value>
            </param>
            <param index="3">
              <value>
                <![CDATA[Kolkata;North Gelgoon;Cha Cha;01-02-2025;3]]>
              </value>
            </param>
            <param index="4">
              <value>
                <![CDATA[Malaysia;Wootkentree;Lya;02-12-2025;1]]>
              </value>
            </param>
          </params>
          <reporter-output>
          </reporter-output>
        </test-method> <!-- TestCase04 -->
        <test-method signature="TestCase04(java.lang.String,java.lang.String,java.lang.String,java.lang.String,java.lang.String)[pri:4, instance:qtriptest.tests.TestCase4@36916eb0]" started-at="2023-10-01T15:08:03 IST" name="TestCase04" description="Verify booking history can be viewed" data-provider="TestCase4" finished-at="2023-10-01T15:10:28 IST" duration-ms="145023" status="PASS">
          <params>
            <param index="0">
              <value>
                <![CDATA[TC4_3@gmail.com]]>
              </value>
            </param>
            <param index="1">
              <value>
                <![CDATA[abc@321]]>
              </value>
            </param>
            <param index="2">
              <value>
                <![CDATA[Goa;Perthby;Chicky;01-01-2025;2]]>
              </value>
            </param>
            <param index="3">
              <value>
                <![CDATA[Bengaluru;Niaboytown;Chicky;01-01-2025;2]]>
              </value>
            </param>
            <param index="4">
              <value>
                <![CDATA[Bengaluru;Fort Sionnnn;Chicky;01-01-2025;2]]>
              </value>
            </param>
          </params>
          <reporter-output>
          </reporter-output>
        </test-method> <!-- TestCase04 -->
        <test-method is-config="true" signature="quitDriver()[pri:0, instance:qtriptest.tests.TestCase4@36916eb0]" started-at="2023-10-01T15:10:29 IST" name="quitDriver" finished-at="2023-10-01T15:10:30 IST" duration-ms="982" status="PASS">
          <reporter-output>
          </reporter-output>
        </test-method> <!-- quitDriver -->
      </class> <!-- qtriptest.tests.TestCase4 -->
    </test> <!-- Gradle test -->
  </suite> <!-- Gradle suite -->
</testng-results>
